<html>
<body>
<pre>
<h1>µVision Build Log</h1>
<h2>Project:</h2>
C:\Users\mister-wang\Desktop\Timecount_V0-master\ModbusTimeCount\SDK\Modbus.uvproj
Project File Date:  11/17/2016

<h2>Output:</h2>
Build target 'TimeCount'
compiling Display.c...
..\TimeCount\inc\Display.h(16): warning:  #1-D: last line of file ends without a newline
..\TimeCount\inc\Display.h:   #endif
..\TimeCount\inc\Display.h:         ^
..\TimeCount\inc\Display.h: ..\TimeCount\src\Display.c: 1 warning, 0 errors
linking...
Program Size: Code=8474 RO-data=1374 RW-data=308 ZI-data=1412  
FromELF: creating hex file...
".\obj\Modbus.axf" - 0 Error(s), 1 Warning(s).
Build target 'TimeCount'
compiling Display.c...
..\TimeCount\inc\Display.h(16): warning:  #1-D: last line of file ends without a newline
..\TimeCount\inc\Display.h:   #endif
..\TimeCount\inc\Display.h:         ^
..\TimeCount\inc\Display.h: ..\TimeCount\src\Display.c: 1 warning, 0 errors
linking...
Program Size: Code=8474 RO-data=1374 RW-data=308 ZI-data=1412  
FromELF: creating hex file...
".\obj\Modbus.axf" - 0 Error(s), 1 Warning(s).
